{"L":"INFO","T":"2022-02-23T18:39:56.333+0800","M":"同时输出到文件和控制台","name":"张三"}
